filename
/home/stephanie/Dropbox/c4_tpf/ktwo210359769-c04_lpd-targ.fits
/home/stephanie/Dropbox/c4_tpf/ktwo210365286-c04_lpd-targ.fits
/home/stephanie/Dropbox/c4_tpf/ktwo210371851-c04_lpd-targ.fits
/home/stephanie/Dropbox/c4_tpf/ktwo210384590-c04_lpd-targ.fits
/home/stephanie/Dropbox/c4_tpf/ktwo210408563-c04_lpd-targ.fits
/home/stephanie/Dropbox/c4_tpf/ktwo210419589-c04_lpd-targ.fits
/home/stephanie/Dropbox/c4_tpf/ktwo210432080-c04_lpd-targ.fits
/home/stephanie/Dropbox/c4_tpf/ktwo210451321-c04_lpd-targ.fits
/home/stephanie/Dropbox/c4_tpf/ktwo210459199-c04_lpd-targ.fits
/home/stephanie/Dropbox/c4_tpf/ktwo210470484-c04_lpd-targ.fits
/home/stephanie/Dropbox/c4_tpf/ktwo210489127-c04_lpd-targ.fits
/home/stephanie/Dropbox/c4_tpf/ktwo210489654-c04_lpd-targ.fits
/home/stephanie/Dropbox/c4_tpf/ktwo210490365-c04_lpd-targ.fits
/home/stephanie/Dropbox/c4_tpf/ktwo210497173-c04_lpd-targ.fits
/home/stephanie/Dropbox/c4_tpf/ktwo210499476-c04_lpd-targ.fits
/home/stephanie/Dropbox/c4_tpf/ktwo210517837-c04_lpd-targ.fits
/home/stephanie/Dropbox/c4_tpf/ktwo210523892-c04_lpd-targ.fits
/home/stephanie/Dropbox/c4_tpf/ktwo210563410-c04_lpd-targ.fits
/home/stephanie/Dropbox/c4_tpf/ktwo210579563-c04_lpd-targ.fits
/home/stephanie/Dropbox/c4_tpf/ktwo210640966-c04_lpd-targ.fits
/home/stephanie/Dropbox/c4_tpf/ktwo210643507-c04_lpd-targ.fits
/home/stephanie/Dropbox/c4_tpf/ktwo210651981-c04_lpd-targ.fits
/home/stephanie/Dropbox/c4_tpf/ktwo210667985-c04_lpd-targ.fits
/home/stephanie/Dropbox/c4_tpf/ktwo210674207-c04_lpd-targ.fits
/home/stephanie/Dropbox/c4_tpf/ktwo210674406-c04_lpd-targ.fits
/home/stephanie/Dropbox/c4_tpf/ktwo210693497-c04_lpd-targ.fits
/home/stephanie/Dropbox/c4_tpf/ktwo210700098-c04_lpd-targ.fits
/home/stephanie/Dropbox/c4_tpf/ktwo210704853-c04_lpd-targ.fits
/home/stephanie/Dropbox/c4_tpf/ktwo210707811-c04_lpd-targ.fits
/home/stephanie/Dropbox/c4_tpf/ktwo210709514-c04_lpd-targ.fits
/home/stephanie/Dropbox/c4_tpf/ktwo210718930-c04_lpd-targ.fits
/home/stephanie/Dropbox/c4_tpf/ktwo210736105-c04_lpd-targ.fits
/home/stephanie/Dropbox/c4_tpf/ktwo210741091-c04_lpd-targ.fits
/home/stephanie/Dropbox/c4_tpf/ktwo210742592-c04_lpd-targ.fits
/home/stephanie/Dropbox/c4_tpf/ktwo210743724-c04_lpd-targ.fits
/home/stephanie/Dropbox/c4_tpf/ktwo210744677-c04_lpd-targ.fits
/home/stephanie/Dropbox/c4_tpf/ktwo210744818-c04_lpd-targ.fits
/home/stephanie/Dropbox/c4_tpf/ktwo210754620-c04_lpd-targ.fits
/home/stephanie/Dropbox/c4_tpf/ktwo210769813-c04_lpd-targ.fits
/home/stephanie/Dropbox/c4_tpf/ktwo210771915-c04_lpd-targ.fits
/home/stephanie/Dropbox/c4_tpf/ktwo210772796-c04_lpd-targ.fits
/home/stephanie/Dropbox/c4_tpf/ktwo210827030-c04_lpd-targ.fits
/home/stephanie/Dropbox/c4_tpf/ktwo210835395-c04_lpd-targ.fits
/home/stephanie/Dropbox/c4_tpf/ktwo210865372-c04_lpd-targ.fits
/home/stephanie/Dropbox/c4_tpf/ktwo210894955-c04_lpd-targ.fits
/home/stephanie/Dropbox/c4_tpf/ktwo210941195-c04_lpd-targ.fits
/home/stephanie/Dropbox/c4_tpf/ktwo210942999-c04_lpd-targ.fits
/home/stephanie/Dropbox/c4_tpf/ktwo210976212-c04_lpd-targ.fits
/home/stephanie/Dropbox/c4_tpf/ktwo210980637-c04_lpd-targ.fits
/home/stephanie/Dropbox/c4_tpf/ktwo211019716-c04_lpd-targ.fits
/home/stephanie/Dropbox/c4_tpf/ktwo211026112-c04_lpd-targ.fits
/home/stephanie/Dropbox/c4_tpf/ktwo211036776-c04_lpd-targ.fits
/home/stephanie/Dropbox/c4_tpf/ktwo211037886-c04_lpd-targ.fits
/home/stephanie/Dropbox/c4_tpf/ktwo211049709-c04_lpd-targ.fits
/home/stephanie/Dropbox/c4_tpf/ktwo211058178-c04_lpd-targ.fits
/home/stephanie/Dropbox/c4_tpf/ktwo211088189-c04_lpd-targ.fits
/home/stephanie/Dropbox/c4_tpf/ktwo211137806-c04_lpd-targ.fits
/home/stephanie/Dropbox/c4_tpf/ktwo211169647-c04_lpd-targ.fits
